// Jest Snapshot v1, https://goo.gl/fbAQLP

exports[`pages | index render snapshot should match snapshot 1`] = `
<div
  className="page"
>
  <header>
    <nav
      className="nav"
    >
      <div
        className="nav__container"
      >
        <a
          className="nav__link"
          href="/"
        >
          <img
            alt="Accueil de particulier.api.data.gouv.fr"
            className="nav__logo"
            src="/static/images/logo-api-particulier.png"
          />
        </a>
        <ul
          className="nav__links"
        >
          <li>
            <a
              href="/#france-connect"
              onClick={[Function]}
            >
              Données disponibles
            </a>
          </li>
          <li>
            <a
              href="http://localhost:3022/oauth/authorize?client_id=82546188522214c3577d35c283ce8842786649b35a026a9d44908037a597f29b&redirect_uri=http%3A%2F%2Flocalhost%3A3000&scope=&response_type=token&state="
            >
              Se connecter
            </a>
          </li>
        </ul>
      </div>
    </nav>
  </header>
  <div>
    
    <div
      className="jsx-3010837707 hero__container"
    >
      <h1
        className="jsx-3010837707 hero__white-background"
      >
        particulier.api.gouv.fr
      </h1>
      <p
        className="jsx-3010837707 hero__white-background"
      >
        Pour accélérer l’ouverture des données personnelles et leur réutilisation, automatisez vos demandes de pièces justificatives
      </p>
    </div>
    <section
      className={null}
      id="france-connect"
    >
      <h2
        className="section__title"
      >
        1. Données disponibles par FranceConnect
      </h2>
      <p
        className="section__subtitle"
      >
        L’échange de données se fait en mode « ad hoc » entre Fournisseur de Services et Fournisseur de Données. Dans cet échange, FranceConnect tient un rôle de 
        <em>
          tiers de confiance
        </em>
        .
        <br />
        Il va fournir des jetons d’accès au Fournisseur de Services pour les jeux de données convenus avec les Fournisseurs de Données avec lesquels il échange. Le jeton contenant les jeux de données est transmis au Fournisseur de Services suite au consentement de l’usager.
        <a
          href="#api-particulier"
        >
          Vous n’avez pas encore FranceConnect ?
        </a>
      </p>
      <div
        className="container"
      />
    </section>
    <section
      className={null}
      id="api-particulier"
    >
      <h2
        className="section__title"
      >
        2. Données disponibles sans FranceConnect
      </h2>
      <p
        className="section__subtitle"
      >
        L’accès aux données est réalisé au travers de protocoles de communications sécurisés et 
        <em>
          seuls les opérateurs agréés peuvent se connecter à l’API
        </em>
        . 
        <br />
        Pour obtenir un agrément, vous devez justifier d’une simplification pour les citoyens, et vous engager à n’accéder aux données personnelles qu’avec 
        <em>
          l’accord explicite de l’usager
        </em>
        .
      </p>
      <div
        className="container"
      />
    </section>
  </div>
  <footer
    className="footer"
  >
    <div
      className="container"
    >
      <div
        className="jsx-696190668 footer__logo"
      >
        <a
          className="jsx-696190668"
          href="https://api.gouv.fr/"
        >
          <img
            alt="Logo api.gouv.fr"
            className="jsx-696190668"
            src="/static/images/logo-api.gouv.fr-white.png"
          />
        </a>
        <ul
          className="jsx-696190668 footer__social"
        >
          <li
            className="jsx-696190668"
          >
            <a
              className="jsx-696190668"
              href="https://twitter.com/BetaGouv"
              title="Twitter"
            >
              <img
                alt="Twitter"
                className="jsx-696190668 icon icon-twitter"
                src="/static/images/social/twitter.svg"
              />
            </a>
          </li>
          <li
            className="jsx-696190668"
          >
            <a
              className="jsx-696190668"
              href="https://github.com/betagouv"
              title="Github"
            >
              <img
                alt="Github"
                className="jsx-696190668 icon icon-github"
                src="/static/images/social/github.svg"
              />
            </a>
          </li>
          <li
            className="jsx-696190668"
          >
            <a
              className="jsx-696190668"
              href="mailto:contact@particulier.api.gouv.fr"
              title="Nous écrire un mail"
            >
              <img
                alt="Email"
                className="jsx-696190668 icon icon-mail"
                src="/static/images/social/email.svg"
              />
            </a>
          </li>
        </ul>
      </div>
      <ul
        className="footer__links"
      >
        <li>
          <h2>
            particulier.api.gouv.fr
          </h2>
        </li>
        <li>
          <a
            href="https://status.particulier.api.gouv.fr"
          >
            Status des API
          </a>
        </li>
      </ul>
    </div>
  </footer>
</div>
`;
