// Jest Snapshot v1, https://goo.gl/fbAQLP

exports[`components | Header render should match snapshot 1`] = `
<header
  className="navbar"
>
  <div
    className="navbar__container"
  >
    <a
      className="navbar__home"
      href="https://api.gouv.fr/"
    >
      <img
        alt="Accueil de signup.api.gouv.fr"
        className="navbar__logo"
        src="https://api.gouv.fr/img/logo_api.svg"
      />
    </a>
    <nav>
      <ul
        className="nav__links"
      />
    </nav>
  </div>
</header>
`;
