// Jest Snapshot v1, https://goo.gl/fbAQLP

exports[`components | ContractualisationForm render should match snapshot 1`] = `
<form
  onSubmit={[Function]}
>
  <h1>
    Demande d'accès à API Particulier
  </h1>
  <p>
    Pour avoir accès à l'API Particulier, diffusant des données personnelles, vous devez obtenir un agrément.  L'accès à cette API n'est pour l'instant disponible que si vous êtes:
  </p>
  <ul>
    <li>
      une administration;
    </li>
    <li>
      une entreprise prestataire d'une administration ou ayant une délégation de service public.
    </li>
  </ul>
  <p>
    Pour utiliser API Particulier, vous devez vous engager à traiter la bonne donnée par le bon agent de la collectivité et informer correctement l’usager, c'est à dire explicitement demander l'accord de l'usager pour récupérer ses données auprès d'un fournisseur.
  </p>
  <h2
    id="identite"
  >
    Identité
  </h2>
  <div
    className="form__group"
  >
    <label
      htmlFor="search-siren"
    >
      Rechercher votre organisme avec son SIREN
    </label>
    <div
      className="search__group"
    >
      <input
        id="search-siren"
        name="enrollment.siren"
        onChange={[Function]}
        type="text"
        value=""
      />
      <button
        aria-label="Recherche"
        className="overlay-button"
        onClick={[Function]}
        type="button"
      >
        <svg
          className="icon icon-search"
          height="100%"
          id="icon-search"
          width="100%"
        >
          <title>
            Rechercher
          </title>
          <path
            d="M15.504 13.616l-3.79-3.223c-0.392-0.353-0.811-0.514-1.149-0.499 0.895-1.048 1.435-2.407 1.435-3.893 0-3.314-2.686-6-6-6s-6 2.686-6 6 2.686 6 6 6c1.486 0 2.845-0.54 3.893-1.435-0.016 0.338 0.146 0.757 0.499 1.149l3.223 3.79c0.552 0.613 1.453 0.665 2.003 0.115s0.498-1.452-0.115-2.003zM6 10c-2.209 0-4-1.791-4-4s1.791-4 4-4 4 1.791 4 4-1.791 4-4 4z"
          />
        </svg>
      </button>
    </div>
  </div>
  <div
    className="form__group"
  >
    <label
      htmlFor="raison_sociale"
    >
      Raison sociale
    </label>
    <input
      disabled={true}
      id="raison_sociale"
      name="enrollment.raison_sociale"
      onChange={[Function]}
      type="text"
      value={undefined}
    />
  </div>
  <div
    className="form__group"
  >
    <label
      htmlFor="adresse"
    >
      Adresse
    </label>
    <input
      disabled={true}
      id="adresse"
      name="enrollment.adresse"
      onChange={[Function]}
      type="text"
      value={undefined}
    />
  </div>
  <div
    className="form__group"
  >
    <label
      htmlFor="code_naf"
    >
      Code NAF
    </label>
    <input
      disabled={true}
      id="code_naf"
      name="enrollment.code_naf"
      onChange={[Function]}
      type="text"
      value={undefined}
    />
  </div>
  <div
    className="form__group"
  >
    <label
      htmlFor="responsable"
    >
      Responsable
    </label>
    <input
      disabled={true}
      id="responsable"
      name="enrollment.responsable"
      onChange={[Function]}
      type="text"
      value={undefined}
    />
  </div>
  <h3>
    Contacts
  </h3>
  <div
    className="row card-row"
  >
    <div
      className="card"
    >
      <div
        className="card__content"
      >
        <h3>
          Délégué à la protection des données
        </h3>
        <div
          className="card__meta"
        >
          https://www.cnil.fr/fr/designation-dpo
        </div>
        <div
          className="form__group"
        >
          <label
            htmlFor="person_dpo_nom"
          >
            Nom et Prénom
          </label>
          <input
            disabled={false}
            id="person_dpo_nom"
            name="nom"
            onChange={[Function]}
            type="text"
            value={undefined}
          />
        </div>
        <div
          className="form__group"
        >
          <label
            htmlFor="person_dpo_email"
          >
            Email
          </label>
          <input
            disabled={false}
            id="person_dpo_email"
            name="email"
            onChange={[Function]}
            type="text"
            value={undefined}
          />
        </div>
      </div>
    </div>
    <div
      className="card"
    >
      <div
        className="card__content"
      >
        <h3>
          Responsable de traitement
        </h3>
        <div
          className="form__group"
        >
          <label
            htmlFor="person_responsable_traitement_nom"
          >
            Nom et Prénom
          </label>
          <input
            disabled={false}
            id="person_responsable_traitement_nom"
            name="nom"
            onChange={[Function]}
            type="text"
            value={undefined}
          />
        </div>
        <div
          className="form__group"
        >
          <label
            htmlFor="person_responsable_traitement_email"
          >
            Email
          </label>
          <input
            disabled={false}
            id="person_responsable_traitement_email"
            name="email"
            onChange={[Function]}
            type="text"
            value={undefined}
          />
        </div>
      </div>
    </div>
    <div
      className="card"
    >
      <div
        className="card__content"
      >
        <h3>
          Responsable technique
        </h3>
        <div
          className="form__group"
        >
          <label
            htmlFor="person_technique_nom"
          >
            Nom et Prénom
          </label>
          <input
            disabled={false}
            id="person_technique_nom"
            name="nom"
            onChange={[Function]}
            type="text"
            value={undefined}
          />
        </div>
        <div
          className="form__group"
        >
          <label
            htmlFor="person_technique_email"
          >
            Email
          </label>
          <input
            disabled={false}
            id="person_technique_email"
            name="email"
            onChange={[Function]}
            type="text"
            value={undefined}
          />
        </div>
      </div>
    </div>
  </div>
  <h2
    id="demarche"
  >
    Démarche
  </h2>
  <section
    className="information-text"
  >
    <p>
      C'est la raison pour laquelle vous collectez des données personnelles, l'objectif qui est poursuivi par le fichier que vous mettez en place. Par exemple, « télé-procédure permettant aux usagers de demander une aide au paiement de la cantine des collégiens » ou « télé-procédure de demande de bourses de lycée ».
    </p>
    <p>
      Il vous est également demandé de préciser les références du fondement légal de votre droit à demander ces informations (délibération du conseil municipal, décret …) ainsi que les informations relatives à votre téléservice.
    </p>
  </section>
  <div
    className="form__group"
  >
    <label
      htmlFor="intitule_demarche"
    >
      Intitulé
    </label>
    <input
      disabled={false}
      id="intitule_demarche"
      name="enrollment.demarche.intitule"
      onChange={[Function]}
      type="text"
      value=""
    />
  </div>
  <div
    className="form__group"
  >
    <label
      htmlFor="description_service"
    >
      Décrivez brièvement votre service ainsi que l‘utilisation prévue des données transmises
    </label>
    <textarea
      disabled={false}
      id="description_service"
      name="enrollment.demarche.description"
      onChange={[Function]}
      rows="10"
      value=""
    />
  </div>
  <div
    className="form__group"
  >
    <label
      htmlFor="fondement_juridique"
    >
      Cadre juridique 
      <i>
        (Indiquez la référence ou l'URL du texte de loi)
      </i>
    </label>
    <input
      disabled={false}
      id="fondement_juridique_demarche"
      name="enrollment.demarche.fondement_juridique"
      onChange={[Function]}
      type="text"
      value=""
    />
  </div>
  <h2
    id="donnees"
  >
    Données
  </h2>
  <div
    className="form__group"
  >
    <fieldset
      className="vertical"
    >
      <label>
        Sélectionnez vos jeux de données souhaités
      </label>
      <div
        className="row"
      >
        <div
          className="column"
          style={
            Object {
              "flex": 1,
            }
          }
        >
          <div>
            <input
              checked={false}
              disabled={false}
              id="checkbox-scope_dgfip_avis_imposition"
              name="enrollment.scopes.dgfip_avis_imposition"
              onChange={[Function]}
              type="checkbox"
            />
            <label
              className="label-inline"
              htmlFor="checkbox-scope_dgfip_avis_imposition"
            >
              DGFiP - Revenu fiscal de référence
            </label>
          </div>
          <div>
            <input
              checked={false}
              disabled={false}
              id="checkbox-scope_cnaf_quotient_familial"
              name="enrollment.scopes.cnaf_quotient_familial"
              onChange={[Function]}
              type="checkbox"
            />
            <label
              className="label-inline"
              htmlFor="checkbox-scope_cnaf_quotient_familial"
            >
              CNAF - Quatient familial
            </label>
          </div>
          <div>
            <input
              checked={false}
              disabled={false}
              id="checkbox-scope_cnaf_attestation_droits"
              name="enrollment.scopes.cnaf_attestation_droits"
              onChange={[Function]}
              type="checkbox"
            />
            <label
              className="label-inline"
              htmlFor="checkbox-scope_cnaf_attestation_droits"
            >
              CNAF - Attestation de droits
            </label>
          </div>
        </div>
      </div>
    </fieldset>
  </div>
  <div
    className="form__group"
  >
    <label
      htmlFor="donnees_conservation"
    >
      Conservation des données 
      <i>
        (en mois)
      </i>
    </label>
    <input
      disabled={false}
      id="donnees_conservation"
      name="enrollment.donnees.conservation"
      onChange={[Function]}
      type="number"
      value=""
    />
  </div>
  <div
    className="form__group"
  >
    <label
      htmlFor="donnees_destinataires"
    >
      Destinataires
    </label>
    <input
      disabled={false}
      id="donnees_destinataires"
      name="enrollment.donnees.destinataires"
      onChange={[Function]}
      type="text"
      value=""
    />
  </div>
  <h1
    id="convention"
  >
    Convention
  </h1>
  <section
    className="information-text"
  >
    <p>
      Votre raccordement à l'API « Impôt Particulier » nécessite l'acceptation de la convention d'adhésion fixant vos engagements et ceux de la DGFIP et la DINSIC. 
      <br />
       Les liens ci-dessous vous permettront de visualiser la convention type ainsi que ses annexes. 
      <br />
       La convention générée à l'issue de votre demande de raccordement contiendra l'ensemble des éléments propres à votre situation. 
      <br />
       Cette convention sera publiée sur api.gouv.fr et sera accessible via vos identifiants FranceConnect.
    </p>
  </section>
  <iframe
    height="800px"
    src="static/docs/charte-fc.pdf"
    width="100%"
  />
  <div
    className="form__group"
  >
    <input
      checked={false}
      disabled={false}
      id="validation_de_convention"
      name="enrollment.validation_de_convention"
      onChange={[Function]}
      type="checkbox"
    />
    <label
      className="label-inline"
      htmlFor="validation_de_convention"
    >
      Je valide la présente convention et confirme que le DPO de mon organisme est informé de ma demande
    </label>
  </div>
  <div
    className="button-list"
  >
    <button
      className="button"
      id="submit"
      name="subscribe"
      type="submit"
    >
      Soumettre la demande
    </button>
  </div>
</form>
`;
