// Jest Snapshot v1, https://goo.gl/fbAQLP

exports[`components | ContractualisationForm render should match snapshot 1`] = `
<form
  onSubmit={[Function]}
>
  <h1>
    Demande d'accès à API Particulier
  </h1>
  <section
    className="information-text"
  >
    <p>
      Pour avoir accès à l'API Particulier, diffusant des données personnelles, vous devez obtenir un agrément.  L'accès à cette API n'est pour l'instant disponible que si vous êtes:
    </p>
    <ul>
      <li>
        une administration
      </li>
      <li>
        une entreprise prestataire d'une administration ou ayant une délégation de service public
      </li>
    </ul>
    <p>
      Vous devez justifier d'une simplification pour les citoyens, et vous engager à n'accéder aux données personnelles qu’avec l’accord explicite de l’usager.
    </p>
  </section>
  <h2
    id="identite"
  >
    Identité
  </h2>
  <section
    className="information-text"
  >
    <p>
      Pour vous identifier veuillez renseigner votre SIREN, ce qui permettra de renseigner votre raison sociale et votre adresse de par une connection à 
      <a
        href="https://entreprise.data.gouv.fr/"
        rel="noopener noreferrer"
        target="_blank"
      >
        l'API SIREN
      </a>
    </p>
  </section>
  <div
    className="form__group"
  >
    <label
      htmlFor="siren"
    >
      Siren
    </label>
    <input
      name="enrollment.siren"
      onChange={[Function]}
      type="text"
      value=""
    />
  </div>
  <div
    className="form__group"
  >
    <label
      htmlFor="raison_sociale"
    >
      Raison sociale
    </label>
    <input
      disabled={true}
      id="raison_sociale"
      name="enrollment.raison_sociale"
      onChange={[Function]}
      type="text"
      value={undefined}
    />
  </div>
  <div
    className="form__group"
  >
    <label
      htmlFor="adresse"
    >
      Adresse
    </label>
    <input
      disabled={true}
      id="adresse"
      name="enrollment.adresse"
      onChange={[Function]}
      type="text"
      value={undefined}
    />
  </div>
  <div
    className="form__group"
  >
    <label
      htmlFor="code_naf"
    >
      Code NAF
    </label>
    <input
      disabled={true}
      id="code_naf"
      name="enrollment.code_naf"
      onChange={[Function]}
      type="text"
      value={undefined}
    />
  </div>
  <div
    className="form__group"
  >
    <label
      htmlFor="responsable"
    >
      Responsable
    </label>
    <input
      disabled={true}
      id="responsable"
      name="enrollment.responsable"
      onChange={[Function]}
      type="text"
      value={undefined}
    />
  </div>
  <h3>
    Contacts
  </h3>
  <div
    className="row"
    style={
      Object {
        "flexWrap": "wrap",
        "justifyContent": "center",
      }
    }
  >
    <div
      className="column"
      style={
        Object {
          "flex": 1,
          "minWidth": "400px",
        }
      }
    >
      <h4>
        Délégué à la protection des données
      </h4>
      <div
        className="form__group"
      >
        <label
          htmlFor="person_dpo_nom"
        >
          Nom
        </label>
        <input
          disabled={false}
          id="person_dpo_nom"
          name="nom"
          onChange={[Function]}
          type="text"
          value={undefined}
        />
      </div>
      <div
        className="form__group"
      >
        <label
          htmlFor="person_dpo_email"
        >
          Email
        </label>
        <input
          disabled={false}
          id="person_dpo_email"
          name="email"
          onChange={[Function]}
          type="text"
          value={undefined}
        />
      </div>
    </div>
    <div
      className="column"
      style={
        Object {
          "flex": 1,
          "minWidth": "400px",
        }
      }
    >
      <h4>
        Responsable de traitement
      </h4>
      <div
        className="form__group"
      >
        <label
          htmlFor="person_responsable_traitement_nom"
        >
          Nom
        </label>
        <input
          disabled={false}
          id="person_responsable_traitement_nom"
          name="nom"
          onChange={[Function]}
          type="text"
          value={undefined}
        />
      </div>
      <div
        className="form__group"
      >
        <label
          htmlFor="person_responsable_traitement_email"
        >
          Email
        </label>
        <input
          disabled={false}
          id="person_responsable_traitement_email"
          name="email"
          onChange={[Function]}
          type="text"
          value={undefined}
        />
      </div>
    </div>
    <div
      className="column"
      style={
        Object {
          "flex": 1,
          "minWidth": "400px",
        }
      }
    >
      <h4>
        Responsable métier
      </h4>
      <div
        className="form__group"
      >
        <label
          htmlFor="person_metier_nom"
        >
          Nom
        </label>
        <input
          disabled={false}
          id="person_metier_nom"
          name="nom"
          onChange={[Function]}
          type="text"
          value={undefined}
        />
      </div>
      <div
        className="form__group"
      >
        <label
          htmlFor="person_metier_email"
        >
          Email
        </label>
        <input
          disabled={false}
          id="person_metier_email"
          name="email"
          onChange={[Function]}
          type="text"
          value={undefined}
        />
      </div>
    </div>
    <div
      className="column"
      style={
        Object {
          "flex": 1,
          "minWidth": "400px",
        }
      }
    >
      <h4>
        Responsable technique
      </h4>
      <div
        className="form__group"
      >
        <label
          htmlFor="person_technique_nom"
        >
          Nom
        </label>
        <input
          disabled={false}
          id="person_technique_nom"
          name="nom"
          onChange={[Function]}
          type="text"
          value={undefined}
        />
      </div>
      <div
        className="form__group"
      >
        <label
          htmlFor="person_technique_email"
        >
          Email
        </label>
        <input
          disabled={false}
          id="person_technique_email"
          name="email"
          onChange={[Function]}
          type="text"
          value={undefined}
        />
      </div>
    </div>
    <div
      className="column"
      style={
        Object {
          "flex": 1,
          "minWidth": "400px",
        }
      }
    >
      <h4>
        Responsable support
      </h4>
      <div
        className="form__group"
      >
        <label
          htmlFor="person_support_nom"
        >
          Nom
        </label>
        <input
          disabled={false}
          id="person_support_nom"
          name="nom"
          onChange={[Function]}
          type="text"
          value={undefined}
        />
      </div>
      <div
        className="form__group"
      >
        <label
          htmlFor="person_support_email"
        >
          Email
        </label>
        <input
          disabled={false}
          id="person_support_email"
          name="email"
          onChange={[Function]}
          type="text"
          value={undefined}
        />
      </div>
    </div>
    <div
      className="column"
      style={
        Object {
          "flex": 1,
          "minWidth": "400px",
        }
      }
    >
      <h4>
        Autre contact
      </h4>
      <div
        className="form__group"
      >
        <label
          htmlFor="person_autre_nom"
        >
          Nom
        </label>
        <input
          disabled={false}
          id="person_autre_nom"
          name="nom"
          onChange={[Function]}
          type="text"
          value={undefined}
        />
      </div>
      <div
        className="form__group"
      >
        <label
          htmlFor="person_autre_email"
        >
          Email
        </label>
        <input
          disabled={false}
          id="person_autre_email"
          name="email"
          onChange={[Function]}
          type="text"
          value={undefined}
        />
      </div>
    </div>
  </div>
  <h2
    id="demarche"
  >
    Démarche
  </h2>
  <section
    className="information-text"
  >
    <p>
      C'est la raison pour laquelle vous collectez des données personnelles, l'objectif qui est poursuivi par le fichier que vous mettez en place. Par exemple, « télé-procédure permettant aux usagers de demander une aide au paiement de la cantine des collégiens » ou « télé-procédure de demande de bourses de lycée ».
    </p>
  </section>
  <div
    className="form__group"
  >
    <label
      htmlFor="intitule_demarche"
    >
      Intitulé
    </label>
    <input
      disabled={false}
      id="intitule_demarche"
      name="enrollment.demarche.intitule"
      onChange={[Function]}
      type="text"
      value=""
    />
  </div>
  <div
    className="form__group"
  >
    <label
      htmlFor="description_service"
    >
      Décrivez brièvement votre service ainsi que l‘utilisation prévue des données transmises
    </label>
    <textarea
      disabled={false}
      id="description_service"
      name="enrollment.demarche.description"
      onChange={[Function]}
      rows="10"
      value=""
    />
  </div>
  <div
    className="form__group"
  >
    <label
      htmlFor="fondement_juridique"
    >
      Cadre juridique 
      <i>
        (Indiquez la référence ou l'URL du texte de loi)
      </i>
    </label>
    <input
      disabled={false}
      id="fondement_juridique"
      name="enrollment.demarche.fondement_juridique"
      onChange={[Function]}
      type="text"
      value=""
    />
  </div>
  <section
    className="information-text"
  >
    <p>
      Pour pouvoir bénéficier du raccordement à l‘API Particulier, le cadre légal et réglementaire des fournisseurs de service doit permettre à la DINSIC de transmettre des données fiscales  à votre entité administrative.
    </p>
    <p>
      Il vous est donc demandé de préciser les références du fondement légal de votre droit à demander ces informations (délibération du conseil municipal, décret …) ainsi que les informations relatives à votre téléservice.
    </p>
  </section>
  <h2
    id="donnees"
  >
    Données
  </h2>
  <div
    className="form__group"
  >
    <fieldset
      className="vertical"
    >
      <label>
        Sélectionnez vos jeux de données souhaités
      </label>
      <div
        className="row"
      >
        <div
          className="column"
          style={
            Object {
              "flex": 1,
            }
          }
        >
          <div>
            <input
              checked={false}
              disabled={false}
              id="checkbox-scope_dgfip_avis_imposition"
              name="enrollment.scopes.dgfip_avis_imposition"
              onChange={[Function]}
              type="checkbox"
            />
            <label
              className="label-inline"
              htmlFor="checkbox-scope_dgfip_avis_imposition"
            >
              DGFiP - Revenu fiscal de référence
            </label>
          </div>
          <div>
            <input
              checked={false}
              disabled={false}
              id="checkbox-scope_cnaf_quotient_familial"
              name="enrollment.scopes.cnaf_quotient_familial"
              onChange={[Function]}
              type="checkbox"
            />
            <label
              className="label-inline"
              htmlFor="checkbox-scope_cnaf_quotient_familial"
            >
              CNAF - Quatient familial
            </label>
          </div>
          <div>
            <input
              checked={false}
              disabled={false}
              id="checkbox-scope_cnaf_attestation_droits"
              name="enrollment.scopes.cnaf_attestation_droits"
              onChange={[Function]}
              type="checkbox"
            />
            <label
              className="label-inline"
              htmlFor="checkbox-scope_cnaf_attestation_droits"
            >
              CNAF - Attestation de droits
            </label>
          </div>
        </div>
      </div>
    </fieldset>
  </div>
  <div
    className="form__group"
  >
    <label
      htmlFor="donnees_conservation"
    >
      Conservation des données 
      <i>
        (en mois)
      </i>
    </label>
    <input
      disabled={false}
      id="donnees_conservation"
      name="enrollment.donnees.conservation"
      onChange={[Function]}
      type="number"
      value=""
    />
  </div>
  <div
    className="form__group"
  >
    <label
      htmlFor="donnees_destinataires"
    >
      Destinataires
    </label>
    <input
      disabled={false}
      id="donnees_destinataires"
      name="enrollment.donnees.destinataires"
      onChange={[Function]}
      type="text"
      value=""
    />
  </div>
  <h1
    id="convention"
  >
    Convention
  </h1>
  <section
    className="information-text"
  >
    <p>
      Votre raccordement à l'API « Impôt Particulier » nécessite l'acceptation de la convention d'adhésion fixant vos engagements et ceux de la DGFIP et la DINSIC. 
      <br />
       Les liens ci-dessous vous permettront de visualiser la convention type ainsi que ses annexes. 
      <br />
       La convention générée à l'issue de votre demande de raccordement contiendra l'ensemble des éléments propres à votre situation. 
      <br />
       Cette convention sera publiée sur api.gouv.fr et sera accessible via vos identifiants FranceConnect.
    </p>
  </section>
  <iframe
    height="800px"
    src="static/docs/charte-fc.pdf"
    width="100%"
  />
  <div
    className="form__group"
  >
    <input
      checked={false}
      disabled={false}
      id="validation_de_convention"
      name="enrollment.validation_de_convention"
      onChange={[Function]}
      type="checkbox"
    />
    <label
      className="label-inline"
      htmlFor="validation_de_convention"
    >
      Je valide la présente convention
    </label>
  </div>
  <div
    className="form__group"
  >
    <input
      checked={false}
      disabled={false}
      id="dpo"
      name="enrollment.validation_delegue_a_la_protection_des_données"
      onChange={[Function]}
      type="checkbox"
    />
    <label
      className="label-inline"
      htmlFor="dpo"
    >
      Je confirme que le DPO de mon organisme est informé de la présente demande
    </label>
  </div>
  <div
    className="button-list"
  >
    <button
      className="button"
      id="submit"
      name="subscribe"
      type="submit"
    >
      Soumettre la demande
    </button>
  </div>
</form>
`;
