// Jest Snapshot v1, https://goo.gl/fbAQLP

exports[`components | ContractualisationForm render should match snapshot 1`] = `
<div
  className="main-pane"
>
  <h1>
    Introdution
  </h1>
  <section
    className="information-text"
  >
    <p>
      Pour avoir accès à l‘API Particulier, diffusant des données personnelles, vous devez obtenir un agrément.
    </p>
    <p>
       L‘accès à cette API n‘est pour l‘instant disponible que si vous êtes :
    </p>
    <ul>
      <li>
        une administration
      </li>
      <li>
        une entreprise prestataire d‘une administration ou ayant une délégation de service public
      </li>
    </ul>
    <p>
      Vous devez justifier d‘une simplification pour les citoyens, et vous engager à n‘accéder aux données personnelles qu‘avec l‘accord explicite de l‘usager.
    </p>
  </section>
  <form
    onSubmit={[Function]}
  >
    <h1
      id="identite"
    >
      Identité
    </h1>
    <section
      className="information-text"
    >
      texte descriptif
    </section>
    <h1
      id="demarches"
    >
      Démarches
    </h1>
    <section
      className="information-text"
    >
      C‘est la raison pour laquelle vous collectez des données personnelles, l‘objectif qui est poursuivi par le fichier que vous mettez en place. Par exemple, « télé-procédure permettant aux usagers de demander une aide au paiement de la cantine des collégiens » ou « télé-procédure de demande de bourses de lycée ».
    </section>
    <div
      className="form__group"
    >
      <label
        htmlFor="fournisseur_de_service"
      >
        Titre de la démarche
      </label>
      <input
        id="fournisseur_de_service"
        name="enrollment.fournisseur_de_service"
        onChange={[Function]}
        type="text"
        value=""
      />
    </div>
    <div
      className="form__group"
    >
      <label
        htmlFor="description_service"
      >
        Décrivez succintement votre démarche en indiquant les finalités au sens CNIL
      </label>
      <textarea
        id="description_service"
        name="enrollment.description_service"
        onChange={[Function]}
        rows="10"
        value=""
      />
    </div>
    <h2>
      Cadre juridique
    </h2>
    <section
      className="information-text"
    >
      Veuillez transmettre le fondement juridique sur lequel s’appuie votre demande
    </section>
    <div
      className="form__group"
    >
      <label
        htmlFor="texte_fondement_juridique"
      >
        Indiquez la référence du texte
      </label>
      <textarea
        id="texte_fondement_juridique"
        name="enrollment.texte_fondement_juridique"
        onChange={[Function]}
        value=""
      />
    </div>
    <div
      className="form__group"
    >
      <label
        htmlFor="url_fondement_juridique"
      >
        Indiquez l‘url du texte
      </label>
      <input
        id="url_fondement_juridique"
        name="enrollment.url_fondement_juridique"
        onChange={[Function]}
        type="text"
        value=""
      />
    </div>
    <h1
      id="donnees"
    >
      Données
    </h1>
    <section
      className="information-text"
    >
      texte descriptif
    </section>
  </form>
</div>
`;
