// Jest Snapshot v1, https://goo.gl/fbAQLP

exports[`components | DataSetDescription render should match snapshot 1`] = `
<ul>
  <li>
    <h3>
      Avis d‘imposition
    </h3>
    <p>
      Contient le revenu fiscal de référence, le nombre de part et les déclarants
    </p>
    <h3>
      Qui utilise ces données ?
    </h3>
    <div>
      <p>
        Mes aides
      </p>
      <img
        alt="Mes aides logo"
        src="./static/images/services-providers/mes-aides-logo.png"
      />
    </div>
    <div>
      <p>
        Anah
      </p>
      <img
        alt="Anah logo"
        src="./static/images/services-providers/anah-logo.png"
      />
    </div>
    <a
      className="button"
      href="https://particulier.api.gouv.fr/tech/#r-cup-rer-les-donn-es-fiscales-d-39-un-citoyen"
      onClick={[Function]}
    >
      Essayez-moi !
    </a>
    <button
      className="button"
      id="submit"
      name="add-to-AddToSelectionButton"
      type="submit"
    >
      Ajouter à ma sélection
    </button>
  </li>
</ul>
`;
