// Jest Snapshot v1, https://goo.gl/fbAQLP

exports[`components | DataSetDescription render should match snapshot 1`] = `
<div
  className="panel"
>
  <div
    className="panel__header"
  >
    <h3>
      dgfip_avis_imposition
    </h3>
    <small
      className="panel__header-extra"
    >
      DGFiP
    </small>
  </div>
  <div>
    <p>
      Données issues du service svair de la DGFiP
    </p>
    <div
      className="form__group"
    >
      <label>
        Qui utilise ces données ?
      </label>
      <ul
        className="tag-list"
      >
        <li
          className="tag"
        >
          <a
            href={undefined}
          >
            BourseSCO
          </a>
        </li>
        <li
          className="tag"
        >
          <a
            href={undefined}
          >
            Lyon : Mon compte
          </a>
        </li>
      </ul>
    </div>
  </div>
  <div
    className="panel__actions"
  >
    <button
      className="button button-secondary"
      onClick={[Function]}
    >
      Essayez-moi !
    </button>
    <button
      className="button"
      id="undefined_submit_button"
      name="undefined_button"
      type="submit"
    >
      Ajouter à ma sélection
    </button>
  </div>
</div>
`;
