// Jest Snapshot v1, https://goo.gl/fbAQLP

exports[`components | DataDescription render should match snapshot 1`] = `
<ul>
  <li>
    <h3 />
    <p />
    <a
      className="button"
      href={undefined}
      onClick={[Function]}
    >
      Essayez-moi !
    </a>
    <button
      className="button"
      id="submit"
      name="add-to-AddToSelectionButton"
      type="submit"
    >
      Ajouter à ma sélection
    </button>
  </li>
</ul>
`;
