// Jest Snapshot v1, https://goo.gl/fbAQLP

exports[`components | DataSetDescription render should match snapshot 1`] = `
<div
  className="dataset-description"
>
  <h3
    className="grey"
  >
    Avis d‘imposition
  </h3>
  <p>
    Contient le revenu fiscal de référence, le nombre de part et les déclarants
  </p>
  <h4>
    Qui utilise ces données ?
  </h4>
  <div
    className="container"
  >
    <div>
      <ul
        className="services"
      >
        <li
          className="service"
        >
          <img
            alt="Mes aides logo"
            className="service-image"
            src="./static/images/services-providers/mes-aides-logo.png"
          />
        </li>
      </ul>
    </div>
  </div>
  <div
    className="container"
  >
    <div>
      <ul
        className="services"
      >
        <li
          className="service"
        >
          <img
            alt="Anah logo"
            className="service-image"
            src="./static/images/services-providers/anah-logo.png"
          />
        </li>
      </ul>
    </div>
  </div>
  <a
    className="button"
    href="https://particulier.api.gouv.fr/tech/#r-cup-rer-les-donn-es-fiscales-d-39-un-citoyen"
    onClick={[Function]}
  >
    Essayez-moi !
  </a>
  <button
    className="button"
    id="avis_impos_submit_button"
    name="avis_impos_button"
    type="submit"
  >
    Ajouter à ma sélection
  </button>
</div>
`;
