// Jest Snapshot v1, https://goo.gl/fbAQLP

exports[`components | DataSet render should match snapshot 1`] = `
Array [
  <div
    className="dataset-description"
  >
    <h3
      className="grey"
    >
      Avis d‘imposition
    </h3>
    <p
      className="tag-darker-grey"
    >
      DGFIP
    </p>
    <p>
      Contient le revenu fiscal de référence, le nombre de part et les déclarants
    </p>
    <h4>
      Qui utilise ces données ?
    </h4>
    <div
      className="container"
    >
      <div>
        <ul
          className="services"
        >
          <li
            className="service"
          >
            <img
              alt="Mes aides logo"
              className="service-image"
              src="./static/images/services-providers/mes-aides-logo.png"
            />
          </li>
        </ul>
      </div>
    </div>
    <div
      className="container"
    >
      <div>
        <ul
          className="services"
        >
          <li
            className="service"
          >
            <img
              alt="Anah logo"
              className="service-image"
              src="./static/images/services-providers/anah-logo.png"
            />
          </li>
        </ul>
      </div>
    </div>
    <a
      className="button"
      href="https://particulier.api.gouv.fr/tech/#r-cup-rer-les-donn-es-fiscales-d-39-un-citoyen"
      onClick={[Function]}
    >
      Essayez-moi !
    </a>
    <button
      className="button"
      id="avis_impos_submit_button"
      name="avis_impos_button"
      type="submit"
    >
      Ajouter à ma sélection
    </button>
  </div>,
  <div
    className="dataset-description"
  >
    <h3
      className="grey"
    >
      Adresse fiscale
    </h3>
    <p
      className="tag-darker-grey"
    >
      DGFIP
    </p>
    <p>
      Contient l‘adresse fiscale ainsi que l‘adresse structurée et styles coordonnée GPS
    </p>
    <h4>
      Qui utilise ces données ?
    </h4>
    <div
      className="container"
    >
      <div>
        <ul
          className="services"
        >
          <li
            className="service"
          >
            <img
              alt="Mes aides logo"
              className="service-image"
              src="./static/images/services-providers/mes-aides-logo.png"
            />
          </li>
        </ul>
      </div>
    </div>
    <a
      className="button"
      href="https://particulier.api.gouv.fr/tech/#r-cup-rer-l-39-adresse-fiscale"
      onClick={[Function]}
    >
      Essayez-moi !
    </a>
    <button
      className="button"
      id="adresse_fiscale_submit_button"
      name="adresse_fiscale_button"
      type="submit"
    >
      Ajouter à ma sélection
    </button>
  </div>,
]
`;
