// Jest Snapshot v1, https://goo.gl/fbAQLP

exports[`components | Header render should match snapshot 1`] = `
<header>
  <nav
    className="nav"
  >
    <div
      className="nav__container"
    >
      <a
        className="nav__link"
        href="index.html"
      >
        <img
          alt="Accueil de particulier.api.data.gouv.fr"
          className="nav__logo"
          src="static/images/logo_site.svg"
        />
      </a>
      <ul
        className="nav__links"
      >
        <li>
          <a
            href="/"
            onClick={[Function]}
          >
            Home
          </a>
        </li>
        <li>
          <a
            href="/about"
            onClick={[Function]}
          >
            About
          </a>
        </li>
      </ul>
    </div>
  </nav>
</header>
`;
