// Jest Snapshot v1, https://goo.gl/fbAQLP

exports[`components | Header render should match snapshot 1`] = `
<header>
  <nav
    className="nav"
  >
    <div
      className="nav__container"
    >
      <a
        className="nav__link"
        href="/"
      >
        <img
          alt="Accueil de particulier.api.data.gouv.fr"
          className="nav__logo"
          src="/static/images/logo-api-particulier.png"
        />
      </a>
      <ul
        className="nav__links"
      >
        <li>
          <a
            href="/about"
            onClick={[Function]}
          >
            A propos
          </a>
        </li>
        <li>
          <a
            href="/documentation"
            onClick={[Function]}
          >
            Documentation technique
          </a>
        </li>
        <li>
          <a
            href="/contact"
            onClick={[Function]}
          >
            Contactez-nous
          </a>
        </li>
      </ul>
      <a
        className="nav__link"
        href="/"
      >
        <img
          alt="Ma sélection de jeux de données"
          className="nav__logo"
          src="../static/images/file-icon.svg"
        />
      </a>
    </div>
  </nav>
</header>
`;
