// Jest Snapshot v1, https://goo.gl/fbAQLP

exports[`components | Header render should match snapshot 1`] = `
<div>
  <header
    className="navbar"
  >
    <div
      className="navbar__container"
    >
      <a
        className="navbar__home"
        href="https://api.gouv.fr/"
      >
        <img
          alt="Accueil de signup.api.gouv.fr"
          className="navbar__logo"
          src="https://api.gouv.fr/img/logo_api.svg"
        />
      </a>
      <nav>
        <ul
          className="nav__links"
        >
          <li
            className="nav__item"
          >
            <a
              href="http://localhost:3022/oauth/authorize?client_id=82546188522214c3577d35c283ce8842786649b35a026a9d44908037a597f29b&redirect_uri=http%3A%2F%2Flocalhost%3A3000%2Foauth-callback.html&scope=&response_type=token&state="
            >
              Se connecter
            </a>
          </li>
        </ul>
      </nav>
    </div>
  </header>
</div>
`;
