// Jest Snapshot v1, https://goo.gl/fbAQLP

exports[`components | DataSet render should match snapshot 1`] = `
<section
  className="section-grey section__subsection"
  id={null}
>
  <div
    className="container"
  >
    <div
      className="panel"
    >
      <div
        className="panel__header"
      >
        <h3>
          Revenu Fiscal de Référence (RFR) et nombre de parts fiscales du foyer
        </h3>
        <small
          className="panel__header-extra"
        >
          DGFiP
        </small>
      </div>
      <div>
        <p>
          
        </p>
        <div
          className="form__group"
        >
          <label>
            Qui utilise ces données ?
          </label>
          <ul
            className="tag-list"
          >
            <li
              className="tag"
            >
              <a
                href={undefined}
              >
                Calcul du quotient familial de la ville de Lyon
              </a>
            </li>
          </ul>
        </div>
      </div>
      <div
        className="panel__actions"
      >
        <a
          className="button"
          href="/contractualisation-fc"
          onClick={[Function]}
        >
          Demander un accès
        </a>
      </div>
    </div>
    <div
      className="panel"
    >
      <div
        className="panel__header"
      >
        <h3>
          Adresse fiscale de taxation au 1er janvier
        </h3>
        <small
          className="panel__header-extra"
        >
          DGFiP
        </small>
      </div>
      <div>
        <p>
          Ces données peuvent être utilisées, par exemple, pour la délivrance des cartes de stationnement résidentiel
        </p>
      </div>
      <div
        className="panel__actions"
      >
        <a
          className="button"
          href="/contractualisation-fc"
          onClick={[Function]}
        >
          Demander un accès
        </a>
      </div>
    </div>
  </div>
</section>
`;
