// Jest Snapshot v1, https://goo.gl/fbAQLP

exports[`components | Services render should match snapshot 1`] = `
Array [
  <div
    className="container"
  >
    <div>
      <ul
        className="services"
      >
        <li
          className="service"
        >
          <img
            alt="Mes aides logo"
            className="service-image"
            src="./static/images/services-providers/mes-aides-logo.png"
          />
        </li>
      </ul>
    </div>
  </div>,
  <div
    className="container"
  >
    <div>
      <ul
        className="services"
      >
        <li
          className="service"
        >
          <img
            alt="Anah logo"
            className="service-image"
            src="./static/images/services-providers/anah-logo.png"
          />
        </li>
      </ul>
    </div>
  </div>,
]
`;
