// Jest Snapshot v1, https://goo.gl/fbAQLP

exports[`components | Services render should match snapshot 1`] = `
Array [
  <div>
    <p>
      Mes aides
    </p>
    <img
      alt="Mes aides logo"
      src="./static/images/services-providers/mes-aides-logo.png"
    />
  </div>,
  <div>
    <p>
      Anah
    </p>
    <img
      alt="Anah logo"
      src="./static/images/services-providers/anah-logo.png"
    />
  </div>,
]
`
